---
source: crates/rmcp-openapi/src/error.rs
expression: serialized
---
{
  "type": "response-parsing-error",
  "reason": "Invalid JSON"
}
