---
source: crates/rmcp-openapi/src/error.rs
expression: serialized
---
{
  "type": "tool-not-found",
  "tool_name": "getPetByID",
  "suggestions": [
    "getPetById",
    "getPetsByStatus"
  ]
}
