---
source: src/tool_generator.rs
expression: json_result
---
null
