---
source: crates/rmcp-openapi/src/error.rs
expression: serialized
---
{
  "type": "validation-errors",
  "violations": [
    {
      "type": "missing-required-parameter",
      "parameter": "field",
      "description": "Missing required field",
      "expected_type": "string"
    }
  ]
}
