---
source: crates/rmcp-openapi/src/tool_generator.rs
expression: request_body_schema
---
{
  "type": "string",
  "minLength": 1,
  "maxLength": 100,
  "description": "Request body data",
  "x-location": "body",
  "x-content-type": "application/json"
}
