---
source: crates/rmcp-openapi/src/tool_generator.rs
expression: result
---
{
  "minItems": 2,
  "maxItems": 2,
  "items": {
    "type": "string"
  }
}
