---
source: tests/test_error_scenarios.rs
expression: error_json
---
{
  "actual_value": "available",
  "expected_type": "array",
  "field_path": "status",
  "message": "\"available\" is not of type \"array\"",
  "type": "validation-error"
}
