---
source: src/server.rs
expression: json_result
---
{
  "body": {
    "error": {
      "suggestions": [],
      "tool_name": "unknownTool",
      "type": "tool-not-found"
    }
  },
  "status": 404
}
