---
source: src/error.rs
expression: serialized
---
{
  "reason": "Invalid JSON",
  "type": "response-parsing-error"
}
