---
source: src/error.rs
expression: serialized
---
{
  "message": "HTTP 404 error: Not found"
}
