---
source: src/error.rs
expression: serialized
---
{
  "message": "Unknown parameter 'pet_id'. Did you mean 'petId'?",
  "parameter": "pet_id",
  "suggestions": [
    "petId"
  ],
  "type": "invalid-parameter",
  "valid_parameters": [
    "petId",
    "timeout_seconds"
  ]
}
