---
source: src/error.rs
expression: serialized
---
{
  "type": "validation-errors",
  "violations": [
    {
      "parameter": "completely_wrong",
      "suggestions": [],
      "type": "invalid-parameter",
      "valid_parameters": [
        "petId",
        "timeout"
      ]
    }
  ]
}
