---
source: src/error.rs
expression: serialized
---
{
  "parameter": "pet_i",
  "suggestions": [
    "petId",
    "petInfo"
  ],
  "type": "invalid-parameter",
  "valid_parameters": [
    "petId",
    "petInfo",
    "timeout"
  ]
}
