---
source: src/error.rs
expression: serialized
---
{
  "message": "Connection timeout",
  "type": "http-request-error"
}
